// Jest Snapshot v1, https://goo.gl/fbAQLP

exports[`renders correctly 1`] = `
<div>
  <header
    className="favHead"
  >
    <h1
      id="favHead"
    >
      Your Favourites
    </h1>
    <a
      href="/"
      id="link"
    >
      Home
    </a>
  </header>
  <table />
</div>
`;
